0eNqd0uFqgzAQwPF3uc9nmSZnm7xKkWHdMQIxikm7FvHdl8YhG+tW9Ntfw/1I4EY42TP3g3EB9AgmcAv62z+ECw/edA40lYWSSpFQksqXHIFdMMGwB30c54/bqzu3Jx5Ax2NXtxwt39bWZmy5CYNpsr6zHNW+83H2zo5wBX3Id4RwA50VakfThL/AYiUon4FiJXh4BsqVoFhA+RikrWD+xw3LzU+mx+B+KzjfsEIwTefmBTLuja9pcbx5d7W9z/yDp+kPM6T1O+ZIKJAqTCVTFT+KUoml4gmWS+1T0VdV0/QJCjT6iQ==