0eNrNVsFuozAQ/ZXKxxVEGBIg3Pa+Pe1lpVWFDEySUcFGtqm2W/Hv64E2ZRuSlqpSewE8nhnPe89j88CKuoNWo7Qse2AVmFJja1FJljGjGriqldxfTe0eM1K0vlX+XmNFUX9Yxnngsfvh3XtMFEbVnQWfPFuUe5ZZ3YHHsFTSsOz3AzO4l6KmaHvfglvsDrXtnMVjUjRkGD38a+YSoqyAVum9BZHfJ5Hhosgfk8jo3ZHr/sZjIC1ahBH0MLjPZdcUoFmWbuP1McFOGOvvsLag/QYl1kpU7hOlAe1sbqVWGRyVGSgP42S1GUgPg/Vq49Z15Fqt6ryAg7hDpcmxRF12aPNGVZCrXa5a0GLMwscQCSWNDXlzemiohmqfQknk0HsqnkZpmiZEy9S0jTf9Te9SqjvQbmNAbqwob3ODfx087rFKqzZ/gSFYhSME330FEQ8JRovlbXfqOvgFq2Qbp8mmnyw/oXPzhen8n6w1AXiF4cV0+h/Lp6vhyKfQaA8NWCz9UjUFSmHVPIuPHIYDhxXqkQ+WxfOMPifO3XSFR/J2qI3N39x5IMoDNZ8BSkO5HGF0qjmuJiqxby5SdbbtFufuFwmcOvk8Fr65oaLThlqf6bF5raLlWkXntAo/SSv/k8QKF4qVnJPB6X6sp4EKu8aH2tWgnRatqmFOhfj03HnTmcxfO5O3wXa4g/YaQL5EPU4STRJwfyhUp+mSIjI8mruZhxcuhhd9FLzoFB6/BI/Pw0sJHp+DR/b3w+P8VXgnm+5M8Y87cpE2ZH//1ltcfHqp+PQy8y4SLTSuzuefT4/VogDX3+xnK0r4dXUtauptd/uZ8UhK+TrZhskmDeIk5H3/DwgnkGc=