0eNrNVk2PmzAQ/SsrHyuIggkfy6337qmXSlWEDEzIaMFGtomaRvz32tBkaRZ2Q7TS9pJgx29m3nueISeSVS00ErkmyYkUoHKJjUbBSUKUqOGhErx8GO87RHHWuFq4pcTCon6RxPPWDjn2351DWKZE1Wpw7ckGeUkSLVtwCOaCK5L8PBGFJWeVRetjAybZAaVuzY5DOKvtxnDCfSImIPICbJbOWYD8OkLSRchvI6R/N3LTbR0CXKNGGEj3i2PK2zoDaehc0DumtLvDSoN0a+RYCVaYR+QKpNkzaRqhcLCl15uG0SroFafrzSowSY2yWooqzWDPDiikPZijzFvUaS0KSMUuFQ1INkTxBgiH3K6VPe3ZDwlFX+oZah2mzrlyu+oFGa1pt+1MMHEAae4DpEqz/DlV+Bt6hoUUTXpV/XpFh+Jd87T2PWoJNJg/t6+P9ufWq+gxjKOgG+U+q0j/YxVHMvV39y1VF6vofqiM/kVGJlHva9CYu7moM+RMi2nx/kpHe+kKlIMMJAmnhXwJnJqfC7xotkOpdHpzkwHL97bPFNgwNpZRyw4wI9TIHPLFIEWrm3Zx7O52XwNjnEPobb2zueodb6qXJszZLDfHnzOHfpI57me4Ey5xx59RP7iUUUOBbe1CZVJLY0EjKpgSP3w9Vm6atN6bkza2L5RSAvBrmvEwPThguc9EK+3rJnTi7QSZcDEZ/0PIXF/9aJZMNEEmcKIpMtH9ZDzvXTL/3qOZasPbpY/vv0fLqg1mqw3mtDUA1FCb2l7+EDqkYhmYviTfG5bDj4cnVtmeNO8oNYyS2NtEjzQK4nUYUa/r/gDTo3kq