0eNqtle2KozAUhu/l/Laz1artCrvXsbAMEvW0PRATyUdZKd77JtqqTC12hgER0yRP4vPG0ysU3GKjSBjIrkClFBqyv1fQdBKM+99M2yBkQAZrCECw2reYInOu0VC5KWVdkGBGKugCIFHhP8jC7j0AFIYM4QDsG20ubF2gcgNGlLaFNsyQFA7fSE39o1vYYTa77SGA1j2EadcFD5RookjO1KZhAvkiZvuW3EDxW7KE2k2omnG+4axuFkn7kRQ5UgBOmVGS5wWe2YWcBTeyJFVaMrnrq8bpR1La5A9iL6SMZXxyO4zY/IEB7uT4cKLQt+qGqV51Br98v9XoFuFSOclGWRymCCz9otqvEvqbwqoP4b4vqnp3NwW+FXfv3ZKWeCXyJUN3P7veT0Vq2A5k6bKtiTwJ0181ptEz8pm4AGSDajhhGfxw06Q1jf0cuHti9qQQxYrbxLkNIJoHMevdPTGfjLuosKQK1avaty9qv2G/wfkke/vhkP7+gm28oGrNmcRpYDet26IVJj8qWeckHOx22FdO+0xyOkWwnFj40teQjnu9v/JaKNFYLcKPscTLsRyJG1RPqvBKDNZnEEfzMvyJihA+nNrOl/G+8mezP4oAXEK6f4foEMb7n9E+Sd0VH7ruP/1NJMs=