0eNqtle2KozAUhu/l/NbZatV2hd3rWBgGiXraHoiJ5KOMFO99E+1oaZV2h4VSPDV5cnzemF6g5BZbRcJAfgGqpNCQv19A01Ew7n8zXYuQAxlsIADBGl8xRebUoKEqrGRTkmBGKugDIFHjJ+RR/xEACkOGcAQORVcI25So3IAJpW2pDTMkhcO3UtNw6RZ2mHC72QfQuYso6/vggRLPFMmZClsmkC9iNm/pFZS8pUuo7YxqGOchZ027SNpNpNiRAnDKjJK8KPHEzuQsuJEVqcqSKdy9epp+IKVN8SD2TMpYxme344jwD4xwJ8eHE0e+alqmBtU5/PL3rUa3CJfKSTbK4jhFYOUX1X6VyH8prG9DIFclwdSlL+P+o1/SkjyJfMnQl5/t4KcmNbYDebZsaybPwvR3jWn0jOJGXACyRTXusBx+uGnSmtb+G7hfMXtUiOLebfroNoB4JYjtivl06qLGimpUr2rfvKj9iv0PzmfZm7tN+vsbtvGMqjMnEseR3XauRStMcVCyKUg42HWzv77bszmCxcTu3oZoJZNs6vXrkZ+FEk+nRXQfS7Icy4G4QbVyCj+JwfoMkvj2GH7dUbrkwB3jw8mf3/xRBOAS0sMzxPso2f2Md2nmPsm+7/8C/cMkyw==