0eNqrVkpJTc7PKy4pKk0uyczPiy/ISczLSy1SsqpWyixJzVWyQlOgC1Ogo1SWWlQMFFGyMrIwNDG3NDI3NQMiE4vaWgB6pR4F