0eNqrVkrKKU0tKMrMK4lPys/PVrKqRogUK1lFI3FBcpklqblKVkhiOkplqUXFmfl5SlZGFoYm5pZG5qZmQGRiUaujlJmXklqhZGVQG6uDoVMXbJ2OUmJySWZZajxMKR7zagFJYjkA