0eNqrVkrKKU0tKMrMK4lPys/PVrKqRogUK1lFx+ooZZak5ipZIYR1wQp1lBKTSzLLUuMz81JSK5SsDHSUylKLijPz85SsjCwMTcwtjcxNzYDIxKK2FgB+cyK0