0eNqrVkrKKU0tKMrMK1GyqlbKLEnNVbJCEtNRKkstKs7Mz1OyMrIwNDG3NDI3NQMiE4vaWgB5vRNb