0eNqdUttuwjAM/ZXJzylaO26rxH9MQqhKi2HR0iRKnGoI9d/nFBjdxgNM6kNsH5/j4/oItY7ovDJU1dZ+QHm8ZgKU61GYaoqwhXKUE9ChD8oaKItlPl28FovZnL/pshegzBY/oXzuxRG22FgTyMeGGF05LY1BP+L8CcgugHsE8iQQ3d7LLY6ZAxIps2cfJmotLkpn5EMSRZJ4cFfJz5AOam+kTjk6OOQJhkEEGNmmKMQ6kEyuYexpIwANKVJ4YhmCQ2ViWyd7+a1+Ac4GNTxZjWmyl+elgAM/8nmfPPxiKa4srdQ607J1N1kWk9mZp5jMeEw2R97qqsZ32Sk77LtRvomKKq5tv9t3ygeq/qygU54iZ676AyJ7gxM5O0prLPIUtU56SUkEVqkeA7KItp43wxeDfVrWP2/zRmc2/F4BWtbIM4PudPG0TqgVeWmCs54xqGnDIMn32mF14bvrXvN7VHfWPkTffwH56URt